1 
2 
Fizz
4 
Buzz
Fizz
7 
8 
Fizz
Buzz
B 
Fizz
D 
E 
FizzBuzz
10 
11 
Fizz
13 
Buzz
Fizz
16 
17 
Fizz
Buzz
1A 
Fizz
1C 
1D 
FizzBuzz
1F 
20 
Fizz
22 
Buzz
Fizz
25 
26 
Fizz
Buzz
29 
Fizz
2B 
2C 
FizzBuzz
2E 
2F 
Fizz
31 
Buzz
Fizz
34 
35 
Fizz
Buzz
38 
Fizz
3A 
3B 
FizzBuzz
3D 
3E 
Fizz
40 
Buzz
Fizz
43 
44 
Fizz
Buzz
47 
Fizz
49 
4A 
FizzBuzz
4C 
4D 
Fizz
4F 
Buzz
Fizz
52 
53 
Fizz
Buzz
56 
Fizz
58 
59 
FizzBuzz
5B 
5C 
Fizz
5E 
Buzz
Fizz
61 
62 
Fizz
Buzz
